.next/types/validator.ts(143,39): error TS2307: Cannot find module '../../src/app/events/[id]/page.js' or its corresponding type declarations.
.next/types/validator.ts(152,39): error TS2307: Cannot find module '../../src/app/events/[id]/scanner/page.js' or its corresponding type declarations.
.next/types/validator.ts(161,39): error TS2307: Cannot find module '../../src/app/events/page.js' or its corresponding type declarations.
src/app/actions/workspace.ts(21,7): error TS2561: Object literal may only specify known properties, but 'eventId_userId' does not exist in type 'MeetAttendanceWhereUniqueInput'. Did you mean to write 'meetId_userId'?
src/app/actions/workspace.ts(38,9): error TS2304: Cannot find name 'meet'.
src/app/actions/workspace.ts(38,40): error TS2304: Cannot find name 'meet'.
src/app/actions/workspace.ts(45,7): error TS2561: Object literal may only specify known properties, but 'eventId_userId' does not exist in type 'MeetAttendanceWhereUniqueInput'. Did you mean to write 'meetId_userId'?
src/app/actions/workspace.ts(425,23): error TS2304: Cannot find name 'meet'.
src/app/actions/workspace.ts(426,6): error TS7006: Parameter 'm' implicitly has an 'any' type.
src/app/actions/workspace.ts(434,9): error TS2561: Object literal may only specify known properties, but 'eventId_userId' does not exist in type 'MeetAttendanceWhereUniqueInput'. Did you mean to write 'meetId_userId'?
src/app/actions/workspace.ts(440,9): error TS2561: Object literal may only specify known properties, but 'eventId_userId' does not exist in type 'MeetAttendanceWhereUniqueInput'. Did you mean to write 'meetId_userId'?
src/app/actions/workspace.ts(485,23): error TS2304: Cannot find name 'meet'.
src/app/actions/workspace.ts(486,6): error TS7006: Parameter 'm' implicitly has an 'any' type.
src/app/actions/workspace.ts(493,7): error TS2561: Object literal may only specify known properties, but 'eventId_userId' does not exist in type 'MeetAttendanceWhereUniqueInput'. Did you mean to write 'meetId_userId'?
src/app/auth/page.tsx(224,45): error TS2304: Cannot find name 'meet'.
src/app/explore/page.tsx(75,22): error TS2304: Cannot find name 'meet'.
src/app/explore/page.tsx(77,16): error TS2304: Cannot find name 'meet'.
src/app/explore/page.tsx(78,15): error TS2304: Cannot find name 'meet'.
src/app/explore/page.tsx(79,18): error TS2304: Cannot find name 'meet'.
src/app/explore/page.tsx(79,35): error TS2304: Cannot find name 'meet'.
src/app/explore/page.tsx(79,72): error TS2304: Cannot find name 'meet'.
src/app/explore/page.tsx(80,13): error TS2304: Cannot find name 'meet'.
src/app/explore/page.tsx(81,25): error TS2304: Cannot find name 'meet'.
src/app/explore/page.tsx(83,17): error TS2304: Cannot find name 'meet'.
src/app/explore/page.tsx(83,52): error TS2304: Cannot find name 'meet'.
src/app/explore/page.tsx(85,17): error TS2304: Cannot find name 'meet'.
src/app/explore/page.tsx(86,17): error TS2304: Cannot find name 'meet'.
src/app/explore/page.tsx(87,19): error TS2304: Cannot find name 'meet'.
src/app/explore/page.tsx(88,28): error TS2304: Cannot find name 'meet'.
src/app/meets/[id]/page.tsx(40,20): error TS2304: Cannot find name 'meet'.
src/app/meets/[id]/page.tsx(41,23): error TS2304: Cannot find name 'meet'.
src/app/meets/[id]/page.tsx(41,51): error TS2304: Cannot find name 'meet'.
src/app/meets/[id]/page.tsx(42,17): error TS2304: Cannot find name 'meet'.
src/app/meets/[id]/page.tsx(102,33): error TS2304: Cannot find name 'meet'.
src/app/meets/[id]/page.tsx(102,55): error TS7006: Parameter 'entry' implicitly has an 'any' type.
src/app/meets/[id]/page.tsx(105,32): error TS2304: Cannot find name 'meet'.
src/app/meets/[id]/page.tsx(106,6): error TS7006: Parameter 'm' implicitly has an 'any' type.
src/app/meets/[id]/page.tsx(109,26): error TS2304: Cannot find name 'meet'.
src/app/meets/[id]/page.tsx(109,43): error TS2304: Cannot find name 'meet'.
src/app/meets/[id]/page.tsx(109,66): error TS7006: Parameter 'a' implicitly has an 'any' type.
src/app/meets/[id]/page.tsx(109,132): error TS2304: Cannot find name 'meet'.
src/app/meets/[id]/page.tsx(112,26): error TS2304: Cannot find name 'meet'.
src/app/meets/[id]/page.tsx(112,49): error TS7006: Parameter 'a' implicitly has an 'any' type.
src/app/meets/[id]/page.tsx(119,12): error TS2304: Cannot find name 'meet'.
src/app/meets/[id]/page.tsx(120,23): error TS2304: Cannot find name 'meet'.
src/app/meets/[id]/page.tsx(120,44): error TS2304: Cannot find name 'meet'.
src/app/meets/[id]/page.tsx(136,86): error TS2304: Cannot find name 'meet'.
src/app/meets/[id]/page.tsx(138,20): error TS2304: Cannot find name 'meet'.
src/app/meets/[id]/page.tsx(145,33): error TS2304: Cannot find name 'meet'.
src/app/meets/[id]/page.tsx(151,33): error TS2304: Cannot find name 'meet'.
src/app/meets/[id]/page.tsx(157,24): error TS2304: Cannot find name 'meet'.
src/app/meets/[id]/page.tsx(163,24): error TS2304: Cannot find name 'meet'.
src/app/meets/[id]/page.tsx(163,43): error TS2304: Cannot find name 'meet'.
src/app/meets/[id]/page.tsx(173,39): error TS2304: Cannot find name 'meet'.
src/app/meets/[id]/page.tsx(175,24): error TS2304: Cannot find name 'meet'.
src/app/meets/[id]/page.tsx(176,35): error TS2304: Cannot find name 'meet'.
src/app/meets/[id]/page.tsx(182,77): error TS2304: Cannot find name 'meet'.
src/app/meets/[id]/page.tsx(183,76): error TS2304: Cannot find name 'meet'.
src/app/meets/[id]/page.tsx(187,22): error TS2304: Cannot find name 'meet'.
src/app/meets/[id]/page.tsx(194,60): error TS2304: Cannot find name 'meet'.
src/app/meets/[id]/page.tsx(195,27): error TS2304: Cannot find name 'meet'.
src/app/meets/[id]/page.tsx(196,22): error TS2304: Cannot find name 'meet'.
src/app/meets/[id]/page.tsx(196,90): error TS2304: Cannot find name 'meet'.
src/app/meets/[id]/page.tsx(217,85): error TS2304: Cannot find name 'meet'.
src/app/meets/[id]/page.tsx(230,27): error TS2304: Cannot find name 'meet'.
src/app/meets/[id]/page.tsx(231,31): error TS2304: Cannot find name 'meet'.
src/app/meets/[id]/page.tsx(232,38): error TS2304: Cannot find name 'meet'.
src/app/meets/[id]/page.tsx(237,16): error TS2304: Cannot find name 'meet'.
src/app/meets/[id]/page.tsx(241,22): error TS2304: Cannot find name 'meet'.
src/app/meets/[id]/page.tsx(241,37): error TS7006: Parameter 'faq' implicitly has an 'any' type.
src/app/meets/[id]/page.tsx(261,27): error TS2304: Cannot find name 'meet'.
src/app/meets/[id]/page.tsx(266,29): error TS2304: Cannot find name 'meet'.
src/app/meets/[id]/page.tsx(273,22): error TS2304: Cannot find name 'meet'.
src/app/meets/[id]/page.tsx(273,45): error TS7006: Parameter 'a' implicitly has an 'any' type.
src/app/meets/[id]/page.tsx(274,23): error TS2304: Cannot find name 'meet'.
src/app/meets/[id]/page.tsx(274,46): error TS7006: Parameter 'a' implicitly has an 'any' type.
src/app/meets/[id]/page.tsx(274,107): error TS7006: Parameter 'entry' implicitly has an 'any' type.
src/app/meets/[id]/page.tsx(288,18): error TS2304: Cannot find name 'meet'.
src/app/meets/[id]/page.tsx(292,24): error TS2304: Cannot find name 'meet'.
src/app/meets/[id]/page.tsx(292,43): error TS7006: Parameter 'sponsor' implicitly has an 'any' type.
src/app/meets/[id]/page.tsx(301,18): error TS2304: Cannot find name 'meet'.
src/app/meets/[id]/page.tsx(305,24): error TS2304: Cannot find name 'meet'.
src/app/meets/[id]/page.tsx(305,44): error TS7006: Parameter 'resource' implicitly has an 'any' type.
src/app/meets/[id]/scanner/page.tsx(78,68): error TS2304: Cannot find name 'meet'.
src/app/meets/MeetsList.tsx(78,27): error TS2304: Cannot find name 'meet'.
src/app/meets/MeetsList.tsx(78,41): error TS2304: Cannot find name 'meet'.
src/app/meets/MeetsList.tsx(78,67): error TS2304: Cannot find name 'meet'.
src/app/meets/MeetsList.tsx(78,86): error TS2304: Cannot find name 'meet'.
src/app/meets/MeetsList.tsx(78,118): error TS2304: Cannot find name 'meet'.
src/app/meets/MeetsList.tsx(79,33): error TS2304: Cannot find name 'meet'.
src/app/meets/MeetsList.tsx(187,43): error TS2304: Cannot find name 'meet'.
src/app/meets/MeetsList.tsx(194,45): error TS2304: Cannot find name 'meet'.
src/app/meets/MeetsList.tsx(204,40): error TS2304: Cannot find name 'meet'.
src/app/meets/MeetsList.tsx(264,49): error TS2304: Cannot find name 'meet'.
src/app/meets/MeetsList.tsx(265,47): error TS2304: Cannot find name 'meet'.
src/app/meets/MeetsList.tsx(267,38): error TS2304: Cannot find name 'meet'.
src/app/meets/MeetsList.tsx(267,73): error TS2304: Cannot find name 'meet'.
src/app/meets/MeetsList.tsx(270,35): error TS2304: Cannot find name 'meet'.
src/app/meets/MeetsList.tsx(279,51): error TS2304: Cannot find name 'meet'.
src/app/meets/MeetsList.tsx(282,38): error TS2304: Cannot find name 'meet'.
src/app/meets/MeetsList.tsx(294,40): error TS2304: Cannot find name 'meet'.
src/app/meets/MeetsList.tsx(297,53): error TS2304: Cannot find name 'meet'.
src/app/meets/MeetsList.tsx(299,36): error TS2304: Cannot find name 'meet'.
src/app/meets/MeetsList.tsx(304,34): error TS2304: Cannot find name 'meet'.
src/app/meets/MeetsList.tsx(314,40): error TS2304: Cannot find name 'meet'.
src/app/meets/MeetsList.tsx(389,65): error TS2304: Cannot find name 'meet'.
src/app/onboarding/OnboardingClient.tsx(142,43): error TS2304: Cannot find name 'meet'.
src/app/onboarding/OnboardingClient.tsx(220,39): error TS2304: Cannot find name 'meet'.
src/app/onboarding/OnboardingClient.tsx(244,39): error TS2304: Cannot find name 'meet'.
src/app/research/ResearchList.tsx(180,128): error TS2304: Cannot find name 'meet'.
src/app/research/ResearchList.tsx(189,72): error TS2304: Cannot find name 'meet'.
src/app/research/ResearchList.tsx(193,81): error TS2304: Cannot find name 'meet'.
src/app/workspace/page.tsx(127,38): error TS2339: Property 'event' does not exist on type '{ meet: { space: { id: string; name: string; description: string | null; bannerUrl: string | null; rules: string | null; organizationId: string; createdAt: Date; updatedAt: Date; ... 4 more ...; linkedin: string | null; }; } & { ...; }; } & { ...; }'.
src/app/workspace/page.tsx(145,30): error TS2304: Cannot find name 'meet'.
src/app/workspace/page.tsx(149,28): error TS2304: Cannot find name 'meet'.
src/app/workspace/page.tsx(154,39): error TS2304: Cannot find name 'meet'.
src/app/workspace/page.tsx(158,39): error TS2304: Cannot find name 'meet'.
src/app/workspace/page.tsx(162,30): error TS2304: Cannot find name 'meet'.
src/app/workspace/page.tsx(168,41): error TS2304: Cannot find name 'meet'.
src/app/workspace/tickets/page.tsx(60,32): error TS2339: Property 'event' does not exist on type '{ meet: { space: { organization: { id: string; name: string; description: string | null; bannerUrl: string | null; createdAt: Date; updatedAt: Date; discord: string | null; ... 11 more ...; views: number; }; } & { ...; }; } & { ...; }; } & { ...; }'.
src/app/workspace/tickets/page.tsx(64,18): error TS2304: Cannot find name 'meet'.
src/app/workspace/tickets/page.tsx(65,16): error TS2304: Cannot find name 'meet'.
src/app/workspace/tickets/page.tsx(66,22): error TS2304: Cannot find name 'meet'.
src/app/workspace/tickets/page.tsx(67,22): error TS2304: Cannot find name 'meet'.
src/app/workspace/tickets/page.tsx(68,14): error TS2304: Cannot find name 'meet'.
src/app/workspace/tickets/page.tsx(68,28): error TS2304: Cannot find name 'meet'.
src/app/workspace/tickets/page.tsx(71,13): error TS2304: Cannot find name 'meet'.
src/app/workspace/tickets/page.tsx(74,18): error TS2304: Cannot find name 'meet'.
src/app/workspace/tickets/page.tsx(75,16): error TS2304: Cannot find name 'meet'.
src/components/HomeClient.tsx(99,48): error TS2339: Property 'event' does not exist on type '{ meet: FeaturedItem; org: FeaturedItem; project: FeaturedItem; opportunity: FeaturedItem; builder: FeaturedItem; research: FeaturedItem; }'.
src/components/Shell.tsx(427,29): error TS2304: Cannot find name 'meet'.
src/components/Shell.tsx(434,43): error TS2304: Cannot find name 'meet'.
